// Jest Snapshot v1, https://goo.gl/fbAQLP

exports[`ArticleListItem tests renders correctly 1`] = `
<div>
  <div
    class="Item"
  >
    <div
      class="Top"
    >
      <article>
        <header
          class="Header"
        >
          <h1>
            ArticleListItem.jsx:6 The Statue of Liberty's torch heads to new museum
          </h1>
        </header>
      </article>
    </div>
    <div
      class="Bottom"
    >
      <button
        class="Button"
      >
        Show more
      </button>
    </div>
  </div>
</div>
`;
